// Jest Snapshot v1, https://goo.gl/fbAQLP

exports[`EmbeddedCheckoutStyleParser converts config to CSS rules 1`] = `
Array [
  "body {background-color: #444444;}",
  ".optimizedCheckout-overlay {background-color: #444444;}",
  ".optimizedCheckout-contentPrimary {color: #ffffff;}",
  ".optimizedCheckout-contentSecondary {color: #bbbbbb;}",
  ".optimizedCheckout-headingPrimary {color: #eeeeee;}",
  ".optimizedCheckout-headingSecondary {color: #ffffff;}",
  "a {color: #ff957f;}",
  "a:focus {color: #ff957f;}",
  "a:hover {color: #fab8a2;}",
  ".optimizedCheckout-form-label {color: #ffffff;}",
  ".form-field--error .optimizedCheckout-form-label {color: #ff957f;}",
  ".form-field--error .form-inlineMessage {color: #ff957f;}",
  ".optimizedCheckout-buttonPrimary {background-color: #ff957f; border-color: #ff957f; color: #333333;}",
  ".optimizedCheckout-buttonPrimary:active {background-color: #e5735c; border-color: #e5735c; color: #222222;}",
  ".optimizedCheckout-buttonPrimary:focus {background-color: #ff957f; border-color: #ff957f; color: #333333;}",
  ".optimizedCheckout-buttonPrimary:hover {background-color: #f2836d; border-color: #f2836d; color: #222222;}",
  ".optimizedCheckout-buttonPrimary[disabled] {background-color: #757575; border-color: #444444; color: #757575;}",
  ".optimizedCheckout-buttonPrimary[disabled]:active {background-color: #757575; border-color: #444444; color: #757575;}",
  ".optimizedCheckout-buttonPrimary[disabled]:focus {background-color: #757575; border-color: #444444; color: #757575;}",
  ".optimizedCheckout-buttonPrimary[disabled]:hover {background-color: #757575; border-color: #444444; color: #757575;}",
  ".optimizedCheckout-buttonPrimary[disabled].is-active {background-color: #757575; border-color: #444444; color: #757575;}",
  ".optimizedCheckout-buttonPrimary[disabled].is-loading {background-color: #757575; border-color: #444444; color: #757575;}",
  ".optimizedCheckout-buttonSecondary {background-color: #444444; border-color: #757575; color: #ffffff;}",
  ".optimizedCheckout-buttonSecondary:active {background-color: #222222; border-color: #666666; color: #ffffff;}",
  ".optimizedCheckout-buttonSecondary:focus {background-color: #444444; border-color: #757575; color: #ffffff;}",
  ".optimizedCheckout-buttonSecondary:hover {background-color: #333333; border-color: #757575; color: #ffffff;}",
  ".optimizedCheckout-buttonSecondary[disabled] {background-color: #757575; border-color: #444444; color: #757575;}",
  ".optimizedCheckout-buttonSecondary[disabled]:active {background-color: #757575; border-color: #444444; color: #757575;}",
  ".optimizedCheckout-buttonSecondary[disabled]:focus {background-color: #757575; border-color: #444444; color: #757575;}",
  ".optimizedCheckout-buttonSecondary[disabled]:hover {background-color: #757575; border-color: #444444; color: #757575;}",
  ".optimizedCheckout-buttonSecondary[disabled].is-active {background-color: #757575; border-color: #444444; color: #757575;}",
  ".optimizedCheckout-buttonSecondary[disabled].is-loading {background-color: #757575; border-color: #444444; color: #757575;}",
  ".optimizedCheckout-form-input {background-color: #404040; border-color: #757575; box-shadow: inset 0 1px 1px #404040; color: #ffffff;}",
  ".optimizedCheckout-form-input:focus {background-color: #404040; border-color: #757575; box-shadow: inset 0 1px 1px #404040; color: #ffffff;}",
  ".optimizedCheckout-form-input:hover {background-color: #404040; border-color: #757575; box-shadow: inset 0 1px 1px #404040; color: #ffffff;}",
  ".optimizedCheckout-form-input::placeholder {background-color: #404040; border-color: #757575; box-shadow: inset 0 1px 1px #404040; color: #999999;}",
  ".form-field--error .optimizedCheckout-form-input {background-color: #404040; border-color: #ff957f; box-shadow: inset 0 1px 1px #404040; color: #ff957f;}",
  ".form-field--error .optimizedCheckout-form-input:focus {background-color: #404040; border-color: #ff957f; box-shadow: inset 0 1px 1px #404040; color: #ff957f;}",
  ".form-field--error .optimizedCheckout-form-input:hover {background-color: #404040; border-color: #ff957f; box-shadow: inset 0 1px 1px #404040; color: #ff957f;}",
  ".optimizedCheckout-form-select {background-color: #404040; border-color: #757575; color: #ffffff;}",
  ".optimizedCheckout-form-select:focus {background-color: #404040; border-color: #757575; color: #ffffff;}",
  ".optimizedCheckout-form-select:hover {background-color: #404040; border-color: #757575; color: #ffffff;}",
  ".form-field--error .optimizedCheckout-form-select {background-color: #404040; border-color: #757575; color: #ff957f;}",
  ".form-field--error .optimizedCheckout-form-select:focus {background-color: #404040; border-color: #757575; color: #ff957f;}",
  ".form-field--error .optimizedCheckout-form-select:hover {background-color: #404040; border-color: #757575; color: #ff957f;}",
  ".optimizedCheckout-form-checkbox {background-color: #404040; border-color: #757575;}",
  ".optimizedCheckout-form-checkbox:focus {background-color: #404040; border-color: #757575;}",
  ".optimizedCheckout-form-checkbox:hover {background-color: #404040; border-color: #757575;}",
  ".form-field--error .optimizedCheckout-form-checkbox {background-color: #404040; border-color: #757575; color: #ff957f;}",
  ".form-field--error .optimizedCheckout-form-checkbox:focus {background-color: #404040; border-color: #757575; color: #ff957f;}",
  ".form-field--error .optimizedCheckout-form-checkbox:hover {background-color: #404040; border-color: #757575; color: #ff957f;}",
  ".optimizedCheckout-form-radio {background-color: #404040; border-color: #757575;}",
  ".optimizedCheckout-form-radio:focus {background-color: #404040; border-color: #757575;}",
  ".optimizedCheckout-form-radio:hover {background-color: #404040; border-color: #757575;}",
  ".form-field--error .optimizedCheckout-form-radio {background-color: #404040; border-color: #757575; color: #ff957f;}",
  ".form-field--error .optimizedCheckout-form-radio:focus {background-color: #404040; border-color: #757575; color: #ff957f;}",
  ".form-field--error .optimizedCheckout-form-radio:hover {background-color: #404040; border-color: #757575; color: #ff957f;}",
  ".optimizedCheckout-checkoutStep {border-color: #757575;}",
  ".optimizedCheckout-step {background-color: #ff957f; color: #333333;}",
  ".optimizedCheckout-form-checklist {background-color: #404040; border-color: #757575; color: #ffffff;}",
  ".optimizedCheckout-form-checklist-item {background-color: #404040; border-color: #757575; color: #ffffff;}",
  ".optimizedCheckout-form-checklist-item:hover {background-color: #505050; border-color: #757575; color: #ffffff;}",
  ".optimizedCheckout-form-checklist-item--selected {background-color: #505050; border-color: #757575; color: #ffffff;}",
  ".optimizedCheckout-discountBanner {background-color: #e5e5e5; color: #333333;}",
  ".optimizedCheckout-loadingToaster {background-color: #333333; color: #ffffff;}",
  ".optimizedCheckout-orderSummary {background-color: #444444; border-color: #666666;}",
  ".optimizedCheckout-orderSummary-cartSection {background-color: #444444; border-color: #666666;}",
]
`;
