// Jest Snapshot v1, https://goo.gl/fbAQLP

exports[`SpamProtectionField renders spam protection field 1`] = `
<div
  class="spamProtection-container"
>
  <div
    class="loadingOverlay-container"
  >
    <div
      class="spamProtection-panel optimizedCheckout-overlay"
    >
      <a
        class="spamProtection-panel-message optimizedCheckout-primaryContent"
        data-test="customer-continue-button"
      />
    </div>
  </div>
</div>
`;
